// Jest Snapshot v1, https://goo.gl/fbAQLP

exports[`<PageHeading /> should match PageHeading snapshot 1`] = `
<h1
  className="css-onmyla"
>
  Boston Bruins
</h1>
`;
