// Jest Snapshot v1, https://goo.gl/fbAQLP

exports[`<HorizontalRule /> should match HorizontalRule snapshot 1`] = `
<div
  data-sal="slide-up"
  data-sal-delay="200"
  data-sal-easing="ease"
>
  <div
    style={
      Object {
        "opacity": 0,
        "transform": "translateY(20px) translateZ(0)",
      }
    }
  >
    <div
      className="css-1a4pyaz"
    />
  </div>
</div>
`;
