// Jest Snapshot v1, https://goo.gl/fbAQLP

exports[`<Container /> should match Container snapshot 1`] = `
<div
  className="css-wvjbft"
>
  <div>
    Wu-Tang Clan
  </div>
</div>
`;
