// Jest Snapshot v1, https://goo.gl/fbAQLP

exports[`<MenuItem /> should match MenuItem snapshot 1`] = `
<li
  className="css-wimf6w"
  style={Object {}}
>
  <a
    className="css-1cmy6pj"
    href="/#foo"
    onClick={[Function]}
  >
    + foo
  </a>
</li>
`;
