// Jest Snapshot v1, https://goo.gl/fbAQLP

exports[`<TagItem /> should match TagItem snapshot 1`] = `
<div
  className="css-3m0mjb"
>
  <div
    className="css-1t1bufi"
  >
    Wu-Tang Clan
  </div>
</div>
`;
