// Jest Snapshot v1, https://goo.gl/fbAQLP

exports[`<LaunchArrow /> should match LaunchArrow snapshot 1`] = `
<a
  className="css-c1h6nt"
  href="foo.com"
  onClick={[Function]}
  rel="noopener noreferrer"
  target="_blank"
  title="foo.com"
>
  <div
    className="css-3nfvs0"
  />
</a>
`;
